../Core/Src/main.c:85:5:main	216	static
../Core/Src/main.c:117:6:initializeGame	24	static
../Core/Src/main.c:131:6:resetGame	24	static
../Core/Src/main.c:146:6:updateGame	16	static
../Core/Src/main.c:164:6:renderGame	40	static
../Core/Src/main.c:179:6:checkCollision	24	static
../Core/Src/main.c:189:6:generateFood	32	static
../Core/Src/main.c:206:6:moveSnake	24	static
../Core/Src/main.c:226:6:checkFoodCollision	16	static
../Core/Src/main.c:235:6:checkSelfCollision	24	static
../Core/Src/main.c:246:6:SystemClock_Config	136	static
../Core/Src/main.c:296:13:MX_ADC_Init	16	static
../Core/Src/main.c:360:13:MX_I2C1_Init	8	static
../Core/Src/main.c:408:13:MX_USART2_UART_Init	8	static
../Core/Src/main.c:443:13:MX_GPIO_Init	56	static
../Core/Src/main.c:496:6:EXTI2_3_IRQHandler	8	static
../Core/Src/main.c:507:6:EXTI4_15_IRQHandler	8	static
../Core/Src/main.c:534:6:Error_Handler	8	static,ignoring_inline_asm
